Traceback (most recent call last):
  File "C:\Users\stme\AppData\Local\Programs\Python\Python310\lib\runpy.py", line 196, in _run_module_as_main
    return _run_code(code, main_globals, None,
  File "C:\Users\stme\AppData\Local\Programs\Python\Python310\lib\runpy.py", line 86, in _run_code
    exec(code, run_globals)
  File "C:\Users\stme\AppData\Local\Programs\Python\Python310\Scripts\nnUNetv2_train.exe\__main__.py", line 5, in <module>
    sys.exit(run_training_entry())
  File "C:\Users\stme\AppData\Local\Programs\Python\Python310\lib\site-packages\nnunetv2\run\run_training.py", line 259, in run_training_entry
    run_training(args.dataset_name_or_id, args.configuration, args.fold, args.tr, args.p, args.pretrained_weights,
  File "C:\Users\stme\AppData\Local\Programs\Python\Python310\lib\site-packages\nnunetv2\run\run_training.py", line 185, in run_training
    nnunet_trainer = get_trainer_from_args(dataset_name_or_id, configuration, fold, trainer_class_name,
  File "C:\Users\stme\AppData\Local\Programs\Python\Python310\lib\site-packages\nnunetv2\run\run_training.py", line 53, in get_trainer_from_args
    preprocessed_dataset_folder_base = join(nnUNet_preprocessed, maybe_convert_to_dataset_name(dataset_name_or_id))
  File "C:\Users\stme\AppData\Local\Programs\Python\Python310\lib\site-packages\nnunetv2\utilities\dataset_name_id_conversion.py", line 75, in maybe_convert_to_dataset_name
    return convert_id_to_dataset_name(dataset_name_or_id)
  File "C:\Users\stme\AppData\Local\Programs\Python\Python310\lib\site-packages\nnunetv2\utilities\dataset_name_id_conversion.py", line 49, in convert_id_to_dataset_name
    raise RuntimeError(f"Could not find a dataset with the ID {dataset_id}. Make sure the requested dataset ID "
RuntimeError: Could not find a dataset with the ID 9. Make sure the requested dataset ID exists and that nnU-Net knows where raw and preprocessed data are located (see Documentation - Installation). Here are your currently defined folders:
nnUNet_preprocessed=C:\Users\stme\capstone-medseg\data\nnunet_preprocessed
nnUNet_results=C:\Users\stme\capstone-medseg\data\nnunet_results
nnUNet_raw=C:\Users\stme\capstone-medseg\data\nnunet_raw
If something is not right, adapt your environment variables.
